// Jest Snapshot v1, https://goo.gl/fbAQLP

exports[`tokenizer matches snapshot 1`] = `
Array [
  Object {
    "start": 22,
    "token": "let_kw",
    "width": 3,
  },
  Object {
    "content": "foo",
    "start": 26,
    "token": "identifier_sym",
    "width": 3,
  },
  Object {
    "start": 29,
    "token": "colon_pnc",
    "width": 1,
  },
  Object {
    "start": 31,
    "token": "string_type",
    "width": 6,
  },
  Object {
    "start": 38,
    "token": "assign_op",
    "width": 1,
  },
  Object {
    "content": "\\"hello\\"",
    "start": 40,
    "token": "string_lit",
    "width": 7,
  },
  Object {
    "start": 47,
    "token": "semi_pnc",
    "width": 1,
  },
  Object {
    "start": 49,
    "token": "let_kw",
    "width": 3,
  },
  Object {
    "content": "pi",
    "start": 53,
    "token": "identifier_sym",
    "width": 2,
  },
  Object {
    "start": 55,
    "token": "colon_pnc",
    "width": 1,
  },
  Object {
    "start": 57,
    "token": "float32_type",
    "width": 3,
  },
  Object {
    "start": 61,
    "token": "assign_op",
    "width": 1,
  },
  Object {
    "content": "3.14",
    "start": 63,
    "token": "float_lit",
    "width": 4,
  },
  Object {
    "start": 67,
    "token": "semi_pnc",
    "width": 1,
  },
  Object {
    "start": 69,
    "token": "let_kw",
    "width": 3,
  },
  Object {
    "content": "xyz",
    "start": 73,
    "token": "identifier_sym",
    "width": 3,
  },
  Object {
    "start": 76,
    "token": "colon_pnc",
    "width": 1,
  },
  Object {
    "start": 78,
    "token": "bool_type",
    "width": 4,
  },
  Object {
    "start": 83,
    "token": "assign_op",
    "width": 1,
  },
  Object {
    "start": 85,
    "token": "true_kw",
    "width": 4,
  },
  Object {
    "start": 89,
    "token": "semi_pnc",
    "width": 1,
  },
  Object {
    "start": 91,
    "token": "let_kw",
    "width": 3,
  },
  Object {
    "content": "zyx",
    "start": 95,
    "token": "identifier_sym",
    "width": 3,
  },
  Object {
    "start": 98,
    "token": "colon_pnc",
    "width": 1,
  },
  Object {
    "start": 100,
    "token": "bool_type",
    "width": 4,
  },
  Object {
    "start": 105,
    "token": "assign_op",
    "width": 1,
  },
  Object {
    "start": 107,
    "token": "false_kw",
    "width": 5,
  },
  Object {
    "start": 112,
    "token": "semi_pnc",
    "width": 1,
  },
  Object {
    "start": 114,
    "token": "let_kw",
    "width": 3,
  },
  Object {
    "content": "sqr",
    "start": 118,
    "token": "identifier_sym",
    "width": 3,
  },
  Object {
    "start": 122,
    "token": "assign_op",
    "width": 1,
  },
  Object {
    "content": "2",
    "start": 124,
    "token": "numeric_lit",
    "width": 1,
  },
  Object {
    "start": 126,
    "token": "exponentiation_op",
    "width": 2,
  },
  Object {
    "content": "2",
    "start": 129,
    "token": "numeric_lit",
    "width": 1,
  },
  Object {
    "start": 130,
    "token": "semi_pnc",
    "width": 1,
  },
  Object {
    "start": 132,
    "token": "let_kw",
    "width": 3,
  },
  Object {
    "content": "sqrIsFour",
    "start": 136,
    "token": "identifier_sym",
    "width": 9,
  },
  Object {
    "start": 146,
    "token": "assign_op",
    "width": 1,
  },
  Object {
    "content": "sqr",
    "start": 148,
    "token": "identifier_sym",
    "width": 3,
  },
  Object {
    "start": 152,
    "token": "strict_cmp_op",
    "width": 3,
  },
  Object {
    "content": "4",
    "start": 156,
    "token": "numeric_lit",
    "width": 1,
  },
  Object {
    "start": 157,
    "token": "semi_pnc",
    "width": 1,
  },
  Object {
    "start": 159,
    "token": "let_kw",
    "width": 3,
  },
  Object {
    "content": "sqrIsFourish",
    "start": 163,
    "token": "identifier_sym",
    "width": 12,
  },
  Object {
    "start": 176,
    "token": "assign_op",
    "width": 1,
  },
  Object {
    "content": "sqr",
    "start": 178,
    "token": "identifier_sym",
    "width": 3,
  },
  Object {
    "start": 182,
    "token": "equality_cmp_op",
    "width": 2,
  },
  Object {
    "content": "\\"4\\"",
    "start": 185,
    "token": "string_lit",
    "width": 3,
  },
  Object {
    "start": 188,
    "token": "semi_pnc",
    "width": 1,
  },
  Object {
    "start": 215,
    "token": "let_kw",
    "width": 3,
  },
  Object {
    "content": "bar",
    "start": 219,
    "token": "identifier_sym",
    "width": 3,
  },
  Object {
    "start": 223,
    "token": "assign_op",
    "width": 1,
  },
  Object {
    "content": "\\"world\\"",
    "start": 225,
    "token": "string_lit",
    "width": 7,
  },
  Object {
    "start": 232,
    "token": "semi_pnc",
    "width": 1,
  },
  Object {
    "content": "print",
    "start": 235,
    "token": "identifier_sym",
    "width": 5,
  },
  Object {
    "start": 240,
    "token": "o_paren_pnc",
    "width": 1,
  },
  Object {
    "content": "foo",
    "start": 241,
    "token": "identifier_sym",
    "width": 3,
  },
  Object {
    "start": 245,
    "token": "plus_op",
    "width": 1,
  },
  Object {
    "content": "\\"
awesome
\\"",
    "start": 247,
    "token": "string_lit",
    "width": 11,
  },
  Object {
    "start": 259,
    "token": "plus_op",
    "width": 1,
  },
  Object {
    "content": "bar",
    "start": 261,
    "token": "identifier_sym",
    "width": 3,
  },
  Object {
    "start": 264,
    "token": "c_paren_pnc",
    "width": 1,
  },
  Object {
    "start": 265,
    "token": "semi_pnc",
    "width": 1,
  },
  Object {
    "start": 268,
    "token": "let_kw",
    "width": 3,
  },
  Object {
    "content": "num",
    "start": 272,
    "token": "identifier_sym",
    "width": 3,
  },
  Object {
    "start": 276,
    "token": "assign_op",
    "width": 1,
  },
  Object {
    "content": "0",
    "start": 278,
    "token": "numeric_lit",
    "width": 1,
  },
  Object {
    "start": 279,
    "token": "semi_pnc",
    "width": 1,
  },
  Object {
    "start": 282,
    "token": "let_kw",
    "width": 3,
  },
  Object {
    "content": "add",
    "start": 286,
    "token": "identifier_sym",
    "width": 3,
  },
  Object {
    "start": 290,
    "token": "assign_op",
    "width": 1,
  },
  Object {
    "start": 292,
    "token": "func_kw",
    "width": 4,
  },
  Object {
    "start": 297,
    "token": "o_paren_pnc",
    "width": 1,
  },
  Object {
    "start": 298,
    "token": "int32_type",
    "width": 3,
  },
  Object {
    "content": "a",
    "start": 302,
    "token": "identifier_sym",
    "width": 1,
  },
  Object {
    "start": 303,
    "token": "comma_pnc",
    "width": 1,
  },
  Object {
    "start": 305,
    "token": "int32_type",
    "width": 3,
  },
  Object {
    "content": "b",
    "start": 309,
    "token": "identifier_sym",
    "width": 1,
  },
  Object {
    "start": 310,
    "token": "c_paren_pnc",
    "width": 1,
  },
  Object {
    "start": 311,
    "token": "colon_pnc",
    "width": 1,
  },
  Object {
    "start": 313,
    "token": "int32_type",
    "width": 3,
  },
  Object {
    "start": 317,
    "token": "o_brace_pnc",
    "width": 1,
  },
  Object {
    "start": 320,
    "token": "return_kw",
    "width": 6,
  },
  Object {
    "content": "a",
    "start": 327,
    "token": "identifier_sym",
    "width": 1,
  },
  Object {
    "start": 329,
    "token": "plus_op",
    "width": 1,
  },
  Object {
    "content": "b",
    "start": 331,
    "token": "identifier_sym",
    "width": 1,
  },
  Object {
    "start": 332,
    "token": "semi_pnc",
    "width": 1,
  },
  Object {
    "start": 334,
    "token": "c_brace_pnc",
    "width": 1,
  },
  Object {
    "start": 335,
    "token": "semi_pnc",
    "width": 1,
  },
  Object {
    "content": "print",
    "start": 338,
    "token": "identifier_sym",
    "width": 5,
  },
  Object {
    "start": 343,
    "token": "o_paren_pnc",
    "width": 1,
  },
  Object {
    "content": "add",
    "start": 344,
    "token": "identifier_sym",
    "width": 3,
  },
  Object {
    "start": 347,
    "token": "o_paren_pnc",
    "width": 1,
  },
  Object {
    "content": "num",
    "start": 348,
    "token": "identifier_sym",
    "width": 3,
  },
  Object {
    "start": 351,
    "token": "comma_pnc",
    "width": 1,
  },
  Object {
    "content": "5",
    "start": 353,
    "token": "numeric_lit",
    "width": 1,
  },
  Object {
    "start": 354,
    "token": "c_paren_pnc",
    "width": 1,
  },
  Object {
    "start": 355,
    "token": "c_paren_pnc",
    "width": 1,
  },
  Object {
    "start": 356,
    "token": "semi_pnc",
    "width": 1,
  },
  Object {
    "start": 359,
    "token": "func_kw",
    "width": 4,
  },
  Object {
    "content": "with1and2",
    "start": 364,
    "token": "identifier_sym",
    "width": 9,
  },
  Object {
    "start": 374,
    "token": "o_paren_pnc",
    "width": 1,
  },
  Object {
    "start": 375,
    "token": "o_paren_pnc",
    "width": 1,
  },
  Object {
    "start": 376,
    "token": "int32_type",
    "width": 3,
  },
  Object {
    "start": 379,
    "token": "comma_pnc",
    "width": 1,
  },
  Object {
    "start": 381,
    "token": "int32_type",
    "width": 3,
  },
  Object {
    "start": 384,
    "token": "c_paren_pnc",
    "width": 1,
  },
  Object {
    "start": 385,
    "token": "colon_pnc",
    "width": 1,
  },
  Object {
    "start": 387,
    "token": "int32_type",
    "width": 3,
  },
  Object {
    "content": "higherOrder",
    "start": 391,
    "token": "identifier_sym",
    "width": 11,
  },
  Object {
    "start": 402,
    "token": "c_paren_pnc",
    "width": 1,
  },
  Object {
    "start": 403,
    "token": "colon_pnc",
    "width": 1,
  },
  Object {
    "start": 405,
    "token": "int32_type",
    "width": 3,
  },
  Object {
    "start": 409,
    "token": "o_brace_pnc",
    "width": 1,
  },
  Object {
    "start": 412,
    "token": "return_kw",
    "width": 6,
  },
  Object {
    "content": "higherOrder",
    "start": 419,
    "token": "identifier_sym",
    "width": 11,
  },
  Object {
    "start": 430,
    "token": "o_paren_pnc",
    "width": 1,
  },
  Object {
    "content": "1",
    "start": 431,
    "token": "numeric_lit",
    "width": 1,
  },
  Object {
    "start": 432,
    "token": "comma_pnc",
    "width": 1,
  },
  Object {
    "content": "2",
    "start": 434,
    "token": "numeric_lit",
    "width": 1,
  },
  Object {
    "start": 435,
    "token": "c_paren_pnc",
    "width": 1,
  },
  Object {
    "start": 436,
    "token": "semi_pnc",
    "width": 1,
  },
  Object {
    "start": 438,
    "token": "c_brace_pnc",
    "width": 1,
  },
  Object {
    "content": "print",
    "start": 441,
    "token": "identifier_sym",
    "width": 5,
  },
  Object {
    "start": 446,
    "token": "o_paren_pnc",
    "width": 1,
  },
  Object {
    "content": "with1and2",
    "start": 447,
    "token": "identifier_sym",
    "width": 9,
  },
  Object {
    "start": 456,
    "token": "o_paren_pnc",
    "width": 1,
  },
  Object {
    "start": 457,
    "token": "func_kw",
    "width": 4,
  },
  Object {
    "start": 462,
    "token": "o_paren_pnc",
    "width": 1,
  },
  Object {
    "start": 463,
    "token": "int32_type",
    "width": 3,
  },
  Object {
    "content": "a",
    "start": 467,
    "token": "identifier_sym",
    "width": 1,
  },
  Object {
    "start": 468,
    "token": "comma_pnc",
    "width": 1,
  },
  Object {
    "start": 470,
    "token": "int32_type",
    "width": 3,
  },
  Object {
    "content": "b",
    "start": 474,
    "token": "identifier_sym",
    "width": 1,
  },
  Object {
    "start": 475,
    "token": "c_paren_pnc",
    "width": 1,
  },
  Object {
    "start": 476,
    "token": "colon_pnc",
    "width": 1,
  },
  Object {
    "start": 478,
    "token": "int32_type",
    "width": 3,
  },
  Object {
    "start": 482,
    "token": "o_brace_pnc",
    "width": 1,
  },
  Object {
    "start": 485,
    "token": "return_kw",
    "width": 6,
  },
  Object {
    "content": "a",
    "start": 492,
    "token": "identifier_sym",
    "width": 1,
  },
  Object {
    "start": 494,
    "token": "multiply_op",
    "width": 1,
  },
  Object {
    "content": "b",
    "start": 496,
    "token": "identifier_sym",
    "width": 1,
  },
  Object {
    "start": 497,
    "token": "semi_pnc",
    "width": 1,
  },
  Object {
    "start": 499,
    "token": "c_brace_pnc",
    "width": 1,
  },
  Object {
    "start": 500,
    "token": "c_paren_pnc",
    "width": 1,
  },
  Object {
    "start": 501,
    "token": "c_paren_pnc",
    "width": 1,
  },
  Object {
    "start": 502,
    "token": "semi_pnc",
    "width": 1,
  },
  Object {
    "start": 505,
    "token": "func_kw",
    "width": 4,
  },
  Object {
    "content": "inc",
    "start": 510,
    "token": "identifier_sym",
    "width": 3,
  },
  Object {
    "start": 514,
    "token": "o_paren_pnc",
    "width": 1,
  },
  Object {
    "start": 515,
    "token": "mut_kw",
    "width": 3,
  },
  Object {
    "start": 519,
    "token": "int32_type",
    "width": 3,
  },
  Object {
    "content": "a",
    "start": 523,
    "token": "identifier_sym",
    "width": 1,
  },
  Object {
    "start": 524,
    "token": "c_paren_pnc",
    "width": 1,
  },
  Object {
    "start": 525,
    "token": "colon_pnc",
    "width": 1,
  },
  Object {
    "start": 527,
    "token": "void_type",
    "width": 4,
  },
  Object {
    "start": 532,
    "token": "o_brace_pnc",
    "width": 1,
  },
  Object {
    "content": "a",
    "start": 535,
    "token": "identifier_sym",
    "width": 1,
  },
  Object {
    "start": 537,
    "token": "assign_op",
    "width": 1,
  },
  Object {
    "content": "a",
    "start": 539,
    "token": "identifier_sym",
    "width": 1,
  },
  Object {
    "start": 541,
    "token": "plus_op",
    "width": 1,
  },
  Object {
    "content": "1",
    "start": 543,
    "token": "numeric_lit",
    "width": 1,
  },
  Object {
    "start": 544,
    "token": "semi_pnc",
    "width": 1,
  },
  Object {
    "start": 546,
    "token": "c_brace_pnc",
    "width": 1,
  },
  Object {
    "start": 549,
    "token": "let_kw",
    "width": 3,
  },
  Object {
    "start": 553,
    "token": "mut_kw",
    "width": 3,
  },
  Object {
    "content": "num2",
    "start": 557,
    "token": "identifier_sym",
    "width": 4,
  },
  Object {
    "start": 562,
    "token": "assign_op",
    "width": 1,
  },
  Object {
    "content": "num",
    "start": 564,
    "token": "identifier_sym",
    "width": 3,
  },
  Object {
    "start": 567,
    "token": "semi_pnc",
    "width": 1,
  },
  Object {
    "content": "inc",
    "start": 569,
    "token": "identifier_sym",
    "width": 3,
  },
  Object {
    "start": 572,
    "token": "o_paren_pnc",
    "width": 1,
  },
  Object {
    "content": "num2",
    "start": 573,
    "token": "identifier_sym",
    "width": 4,
  },
  Object {
    "start": 577,
    "token": "c_paren_pnc",
    "width": 1,
  },
  Object {
    "start": 578,
    "token": "semi_pnc",
    "width": 1,
  },
  Object {
    "start": 581,
    "token": "if_kw",
    "width": 2,
  },
  Object {
    "start": 584,
    "token": "o_paren_pnc",
    "width": 1,
  },
  Object {
    "content": "num2",
    "start": 585,
    "token": "identifier_sym",
    "width": 4,
  },
  Object {
    "start": 590,
    "token": "less_than_eql_op",
    "width": 2,
  },
  Object {
    "content": "5",
    "start": 593,
    "token": "numeric_lit",
    "width": 1,
  },
  Object {
    "start": 595,
    "token": "or_op",
    "width": 2,
  },
  Object {
    "start": 598,
    "token": "false_kw",
    "width": 5,
  },
  Object {
    "start": 603,
    "token": "c_paren_pnc",
    "width": 1,
  },
  Object {
    "start": 605,
    "token": "o_brace_pnc",
    "width": 1,
  },
  Object {
    "content": "print",
    "start": 608,
    "token": "identifier_sym",
    "width": 5,
  },
  Object {
    "start": 613,
    "token": "o_paren_pnc",
    "width": 1,
  },
  Object {
    "content": "\\"less than or eql to five\\"",
    "start": 614,
    "token": "string_lit",
    "width": 26,
  },
  Object {
    "start": 640,
    "token": "c_paren_pnc",
    "width": 1,
  },
  Object {
    "start": 641,
    "token": "semi_pnc",
    "width": 1,
  },
  Object {
    "start": 643,
    "token": "c_brace_pnc",
    "width": 1,
  },
  Object {
    "start": 645,
    "token": "elif_kw",
    "width": 4,
  },
  Object {
    "start": 650,
    "token": "o_paren_pnc",
    "width": 1,
  },
  Object {
    "content": "num2",
    "start": 651,
    "token": "identifier_sym",
    "width": 4,
  },
  Object {
    "start": 656,
    "token": "strict_cmp_op",
    "width": 3,
  },
  Object {
    "content": "7",
    "start": 660,
    "token": "numeric_lit",
    "width": 1,
  },
  Object {
    "start": 662,
    "token": "and_op",
    "width": 2,
  },
  Object {
    "start": 665,
    "token": "true_kw",
    "width": 4,
  },
  Object {
    "start": 669,
    "token": "c_paren_pnc",
    "width": 1,
  },
  Object {
    "start": 671,
    "token": "o_brace_pnc",
    "width": 1,
  },
  Object {
    "content": "print",
    "start": 674,
    "token": "identifier_sym",
    "width": 5,
  },
  Object {
    "start": 679,
    "token": "o_paren_pnc",
    "width": 1,
  },
  Object {
    "content": "\\"exactly 7\\"",
    "start": 680,
    "token": "string_lit",
    "width": 11,
  },
  Object {
    "start": 691,
    "token": "c_paren_pnc",
    "width": 1,
  },
  Object {
    "start": 692,
    "token": "semi_pnc",
    "width": 1,
  },
  Object {
    "start": 694,
    "token": "c_brace_pnc",
    "width": 1,
  },
  Object {
    "start": 696,
    "token": "else_kw",
    "width": 4,
  },
  Object {
    "start": 701,
    "token": "o_brace_pnc",
    "width": 1,
  },
  Object {
    "content": "print",
    "start": 704,
    "token": "identifier_sym",
    "width": 5,
  },
  Object {
    "start": 709,
    "token": "o_paren_pnc",
    "width": 1,
  },
  Object {
    "content": "\\"neither\\"",
    "start": 710,
    "token": "string_lit",
    "width": 9,
  },
  Object {
    "start": 719,
    "token": "c_paren_pnc",
    "width": 1,
  },
  Object {
    "start": 720,
    "token": "semi_pnc",
    "width": 1,
  },
  Object {
    "start": 722,
    "token": "c_brace_pnc",
    "width": 1,
  },
  Object {
    "content": "print",
    "start": 725,
    "token": "identifier_sym",
    "width": 5,
  },
  Object {
    "start": 730,
    "token": "o_paren_pnc",
    "width": 1,
  },
  Object {
    "content": "num2",
    "start": 731,
    "token": "identifier_sym",
    "width": 4,
  },
  Object {
    "start": 735,
    "token": "c_paren_pnc",
    "width": 1,
  },
  Object {
    "start": 736,
    "token": "semi_pnc",
    "width": 1,
  },
  Object {
    "start": 737,
    "token": "eof_sym",
    "width": 0,
  },
]
`;
